#-----------------------------------------------------------
# Vivado v2022.2 (64-bit)
# SW Build 3671981 on Fri Oct 14 05:00:03 MDT 2022
# IP Build 3669848 on Fri Oct 14 08:30:02 MDT 2022
# Start of session at: Sat Nov  9 15:41:20 2024
# Process ID: 2648
# Current directory: C:/Users/maaza/Desktop/PLACEMENTS/RESUME PROJECTS/SIMPLE 3D SCAN CELL CONCEPT
# Command line: vivado.exe -gui_launcher_event rodinguilauncherevent10940 C:\Users\maaza\Desktop\PLACEMENTS\RESUME PROJECTS\SIMPLE 3D SCAN CELL CONCEPT\SIMPLE 3D SCAN CELL CONCEPT.xpr
# Log file: C:/Users/maaza/Desktop/PLACEMENTS/RESUME PROJECTS/SIMPLE 3D SCAN CELL CONCEPT/vivado.log
# Journal file: C:/Users/maaza/Desktop/PLACEMENTS/RESUME PROJECTS/SIMPLE 3D SCAN CELL CONCEPT\vivado.jou
# Running On: KRONOS, OS: Windows, CPU Frequency: 2496 MHz, CPU Physical cores: 4, Host memory: 8493 MB
#-----------------------------------------------------------
start_gui
open_project {C:/Users/maaza/Desktop/PLACEMENTS/RESUME PROJECTS/SIMPLE 3D SCAN CELL CONCEPT/SIMPLE 3D SCAN CELL CONCEPT.xpr}
update_compile_order -fileset sources_1
